******************************************************************************
                  TI ARM Linker Unix v16.9.3                   
******************************************************************************
>> Linked Sun Dec 10 13:10:23 2017

OUTPUT FILE NAME:   <Embedded_Final.out>
ENTRY POINT SYMBOL: "_c_int00"  address: 000019a1


MEMORY CONFIGURATION

         name            origin    length      used     unused   attr    fill
----------------------  --------  ---------  --------  --------  ----  --------
  MAIN                  00000000   00040000  00001b96  0003e46a  R  X
  INFO                  00200000   00004000  00000000  00004000  R  X
  SRAM_CODE             01000000   00010000  0000027e  0000fd82  RW X
  SRAM_DATA             20000000   00010000  0000027e  0000fd82  RW  


SEGMENT ALLOCATION MAP

run origin  load origin   length   init length attrs members
----------  ----------- ---------- ----------- ----- -------
00000000    00000000    00001b98   00001b98    r-x
  00000000    00000000    000000e4   000000e4    r-- .intvecs
  000000e4    000000e4    00001a40   00001a40    r-x .text
  00001b24    00001b24    0000002a   0000002a    r-- .const
  00001b50    00001b50    00000048   00000048    r-- .cinit
20000000    20000000    0000007e   00000000    rw-
  20000000    20000000    00000044   00000000    rw- .data
  20000044    20000044    0000003a   00000000    rw- .bss
2000fe00    2000fe00    00000200   00000000    rw-
  2000fe00    2000fe00    00000200   00000000    rw- .stack


SECTION ALLOCATION MAP

 output                                  attributes/
section   page    origin      length       input sections
--------  ----  ----------  ----------   ----------------
.intvecs   0    00000000    000000e4     
                  00000000    000000e4     startup_msp432p401r_ccs.obj (.intvecs:retain)

.text      0    000000e4    00001a40     
                  000000e4    0000063c     port.obj (.text)
                  00000720    0000043c     UART.obj (.text)
                  00000b5c    0000032c     system_msp432p401r.obj (.text)
                  00000e88    000002c4     RTC.obj (.text)
                  0000114c    00000274     timers.obj (.text)
                  000013c0    000001a8     ADC.obj (.text)
                  00001568    000000fc     rtsv7M4_T_le_v4SPD16_eabi.lib : fd_mul_t2.obj (.text)
                  00001664    000000c8     master-main.obj (.text)
                  0000172c    0000009c     rtsv7M4_T_le_v4SPD16_eabi.lib : memcpy_t2.obj (.text)
                  000017c8    00000086                                   : fd_cmp_t2.obj (.text:__aeabi_cdcmple)
                  0000184e    0000007a                                   : memset_t2.obj (.text)
                  000018c8    00000070                                   : autoinit.obj (.text)
                  00001938    00000068                                   : copy_decompress_lzss.obj (.text:decompress:lzss)
                  000019a0    00000054                                   : boot.obj (.text)
                  000019f4    00000054                                   : exit.obj (.text)
                  00001a48    0000004c                                   : cpy_tbl.obj (.text)
                  00001a94    00000020                                   : u_tofd_t2.obj (.text)
                  00001ab4    00000018                                   : args_main.obj (.text)
                  00001acc    00000014                                   : _lock.obj (.text)
                  00001ae0    00000014                                   : strlen.obj (.text)
                  00001af4    0000000e                                   : copy_decompress_none.obj (.text:decompress:none)
                  00001b02    0000000e     startup_msp432p401r_ccs.obj (.text)
                  00001b10    0000000c     rtsv7M4_T_le_v4SPD16_eabi.lib : copy_zero_init.obj (.text:decompress:ZI)
                  00001b1c    00000004                                   : pre_init.obj (.text)
                  00001b20    00000002                                   : mpu_init.obj (.text)
                  00001b22    00000002                                   : startup.obj (.text)

.const     0    00001b24    0000002a     
                  00001b24    00000011     port.obj (.const:.string:W_phrase)
                  00001b35    0000000d     port.obj (.const:.string:B_phrase)
                  00001b42    0000000c     port.obj (.const:.string:G_phrase)

.cinit     0    00001b50    00000048     
                  00001b50    00000020     (.cinit..data.load) [load image, compression = lzss]
                  00001b70    0000000c     (__TI_handler_table)
                  00001b7c    00000004     --HOLE-- [fill = 0]
                  00001b80    00000008     (.cinit..bss.load) [load image, compression = zero_init]
                  00001b88    00000010     (__TI_cinit_table)

.init_array 
*          0    00000000    00000000     UNINITIALIZED

.binit     0    00000000    00000000     

.data      0    20000000    00000044     UNINITIALIZED
                  20000000    00000026     master-main.obj (.data)
                  20000026    00000002     --HOLE--
                  20000028    0000000c     rtsv7M4_T_le_v4SPD16_eabi.lib : exit.obj (.data:$O1$$)
                  20000034    00000008                                   : _lock.obj (.data:$O1$$)
                  2000003c    00000004                                   : stkdepth_vars.obj (.data)
                  20000040    00000004     system_msp432p401r.obj (.data)

.bss       0    20000044    0000003a     UNINITIALIZED
                  20000044    00000020     (.common:data_databuf)
                  20000064    0000000c     (.common:rsp_databuf)
                  20000070    00000008     (.common:currentTime)
                  20000078    00000004     (.common:RTC_str)
                  2000007c    00000001     (.common:FP_state)
                  2000007d    00000001     (.common:i)

.stack     0    2000fe00    00000200     UNINITIALIZED
                  2000fe00    00000200     --HOLE--

MODULE SUMMARY

       Module                        code   ro data   rw data
       ------                        ----   -------   -------
    ./
       port.obj                      1596   42        0      
       UART.obj                      1084   0         2      
       system_msp432p401r.obj        812    0         8      
       RTC.obj                       708    0         0      
       timers.obj                    628    0         0      
       ADC.obj                       424    0         0      
       master-main.obj               200    0         190    
       startup_msp432p401r_ccs.obj   14     228       0      
    +--+-----------------------------+------+---------+---------+
       Total:                        5466   270       200    
                                                             
    /Applications/ti/ccsv7/tools/compiler/ti-cgt-arm_16.9.3.LTS/lib/rtsv7M4_T_le_v4SPD16_eabi.lib
       fd_mul_t2.obj                 252    0         0      
       memcpy_t2.obj                 156    0         0      
       fd_cmp_t2.obj                 134    0         0      
       memset_t2.obj                 122    0         0      
       autoinit.obj                  112    0         0      
       exit.obj                      84     0         24     
       copy_decompress_lzss.obj      104    0         0      
       boot.obj                      84     0         0      
       cpy_tbl.obj                   76     0         0      
       _lock.obj                     20     0         16     
       u_tofd_t2.obj                 32     0         0      
       args_main.obj                 24     0         0      
       strlen.obj                    20     0         0      
       copy_decompress_none.obj      14     0         0      
       copy_zero_init.obj            12     0         0      
       stkdepth_vars.obj             0      0         8      
       pre_init.obj                  4      0         0      
       mpu_init.obj                  2      0         0      
       startup.obj                   2      0         0      
    +--+-----------------------------+------+---------+---------+
       Total:                        1254   0         48     
                                                             
       Stack:                        0      0         1024   
       Linker Generated:             0      68        0      
    +--+-----------------------------+------+---------+---------+
       Grand Total:                  6720   338       1272   


LINKER GENERATED COPY TABLES

__TI_cinit_table @ 00001b88 records: 2, size/record: 8, table size: 16
	.data: load addr=00001b50, load size=00000020 bytes, run addr=20000000, run size=00000044 bytes, compression=lzss
	.bss: load addr=00001b80, load size=00000008 bytes, run addr=20000044, run size=0000003a bytes, compression=zero_init


LINKER GENERATED HANDLER TABLE

__TI_handler_table @ 00001b70 records: 3, size/record: 4, table size: 12
	index: 0, handler: __TI_decompress_lzss
	index: 1, handler: __TI_decompress_none
	index: 2, handler: __TI_zero_init


GLOBAL SYMBOLS: SORTED ALPHABETICALLY BY Name 

address   name                           
-------   ----                           
20000006  ACCELX                         
20000008  ACCELY                         
2000000a  ACCELZ                         
00001489  ADC14_IRQHandler               
00001489  ADC14_IRQHandler               
00001b0f  AES256_IRQHandler              
00001b35  B_phrase                       
00001b0f  BusFault_Handler               
000019f5  C$$EXIT                        
2000000c  CALX                           
2000000e  CALY                           
20000010  CALZ                           
00001b0f  COMP_E0_IRQHandler             
00001b0f  COMP_E1_IRQHandler             
00001b0f  CS_IRQHandler                  
00001b0f  DMA_ERR_IRQHandler             
00001b0f  DMA_INT0_IRQHandler            
00001b0f  DMA_INT1_IRQHandler            
00001b0f  DMA_INT2_IRQHandler            
00001b0f  DMA_INT3_IRQHandler            
00001b0f  DebugMon_Handler               
00001b0f  Default_Handler                
00001b0f  EUSCIA0_IRQHandler             
00001b0f  EUSCIA1_IRQHandler             
00000805  EUSCIA2_IRQHandler             
00000805  EUSCIA2_IRQHandler             
00001b0f  EUSCIA3_IRQHandler             
00001b0f  EUSCIB0_IRQHandler             
00001b0f  EUSCIB1_IRQHandler             
00001b0f  EUSCIB2_IRQHandler             
00001b0f  EUSCIB3_IRQHandler             
00001b0f  FLCTL_IRQHandler               
00001b0f  FPU_IRQHandler                 
2000007c  FP_state                       
000005ad  GPIO_FPS_config                
00001b42  G_phrase                       
0000025f  GetButtonState                 
00001b0f  HardFault_Handler              
00001b0f  MemManage_Handler              
00001b0f  NMI_Handler                    
00001b0f  PCM_IRQHandler                 
0000062b  PORT1_IRQHandler               
0000062b  PORT1_IRQHandler               
000003ad  PORT2_IRQHandler               
000003ad  PORT2_IRQHandler               
00001b0f  PORT3_IRQHandler               
00000429  PORT4_IRQHandler               
00000429  PORT4_IRQHandler               
000004d9  PORT5_IRQHandler               
000004d9  PORT5_IRQHandler               
00000545  PORT6_IRQHandler               
00000545  PORT6_IRQHandler               
00001b0f  PSS_IRQHandler                 
00001b0f  PendSV_Handler                 
000002e9  PrintReminders                 
00000f03  RTC_C_IRQHandler               
00000f03  RTC_C_IRQHandler               
20000078  RTC_str                        
00001b03  Reset_Handler                  
UNDEFED   SHT$$INIT_ARRAY$$Base          
UNDEFED   SHT$$INIT_ARRAY$$Limit         
00001b0f  SVC_Handler                    
00001b0f  SysTick_Handler                
20000040  SystemCoreClock                
00000b5d  SystemCoreClockUpdate          
00000dd1  SystemInit                     
00001b0f  T32_INT1_IRQHandler            
00001b0f  T32_INT2_IRQHandler            
00001b0f  T32_INTC_IRQHandler            
00001265  TA0_0_IRQHandler               
00001265  TA0_0_IRQHandler               
00001b0f  TA0_N_IRQHandler               
00001297  TA1_0_IRQHandler               
00001297  TA1_0_IRQHandler               
00001b0f  TA1_N_IRQHandler               
000012cf  TA2_0_IRQHandler               
000012cf  TA2_0_IRQHandler               
00001b0f  TA2_N_IRQHandler               
00001309  TA3_0_IRQHandler               
00001309  TA3_0_IRQHandler               
00001b0f  TA3_N_IRQHandler               
00000a05  UART_ConfigureA0               
0000097b  UART_ConfigureA2               
0000090b  UART_ConfigureA3               
00000aa7  UART_send_A0                   
0000088f  UART_send_A2                   
000008bf  UART_send_A3                   
00000a8b  UART_send_byteA0               
00000873  UART_send_byteA2               
000008ef  UART_send_byteA3               
00001b0f  UsageFault_Handler             
4000480c  WDTCTL_SYM                     
00001b0f  WDT_A_IRQHandler               
00001b24  W_phrase                       
20010000  __STACK_END                    
00000200  __STACK_SIZE                   
00001b88  __TI_CINIT_Base                
00001b98  __TI_CINIT_Limit               
00001b70  __TI_Handler_Table_Base        
00001b7c  __TI_Handler_Table_Limit       
000018c9  __TI_auto_init                 
20000028  __TI_cleanup_ptr               
00001939  __TI_decompress_lzss           
00001af5  __TI_decompress_none           
2000002c  __TI_dtors_ptr                 
20000030  __TI_enable_exit_profile_output
ffffffff  __TI_pprof_out_hndl            
ffffffff  __TI_prof_data_size            
ffffffff  __TI_prof_data_start           
00000000  __TI_static_base__             
00001b11  __TI_zero_init                 
000017c9  __aeabi_cdcmpeq                
000017c9  __aeabi_cdcmple                
00001569  __aeabi_dmul                   
0000184f  __aeabi_memclr                 
0000184f  __aeabi_memclr4                
0000184f  __aeabi_memclr8                
0000172d  __aeabi_memcpy                 
0000172d  __aeabi_memcpy4                
0000172d  __aeabi_memcpy8                
00001851  __aeabi_memset                 
00001851  __aeabi_memset4                
00001851  __aeabi_memset8                
00001a95  __aeabi_ui2d                   
ffffffff  __binit__                      
ffffffff  __c_args__                     
00001b21  __mpu_init                     
2000fe00  __stack                        
00001ab5  _args_main                     
000019a1  _c_int00                       
20000034  _lock                          
00001adb  _nop                           
00001ad3  _register_lock                 
00001acd  _register_unlock               
00001b23  _system_post_cinit             
00001b1d  _system_pre_init               
20000038  _unlock                        
000019f9  abort                          
20000013  apps                           
ffffffff  binit                          
000014a3  calibration                    
00000eb5  config_RTC                     
00001179  config_TA0                     
000011a5  config_TA1                     
000011c5  config_TA2                     
0000121b  config_TA3                     
00000111  config_buttons                 
00000235  config_buzzer                  
000013ed  configure_ADC                  
00001a49  copy_in                        
20000003  countTime                      
20000004  count_time_fall                
20000070  currentTime                    
20000044  data_databuf                   
20000015  emergency                      
00001a01  exit                           
20000018  fall                           
20000016  finger                         
000014bd  freefall                       
20000002  freqDiv                        
00000f23  getCurrentTime                 
2000007d  i                              
00001665  init_all                       
00000000  interruptVectors               
000007a3  itoa                           
20000014  lock                           
00001671  main                           
2000003c  main_func_sp                   
0000172d  memcpy                         
00001857  memset                         
20000012  pet                            
20000017  print                          
20000024  read                           
0000074d  reverse                        
20000064  rsp_databuf                    
00001065  sendCurrentTime                
20000000  state                          
20000001  state3                         
00001ae1  strlen                         
20000025  temp_sec                       
2000001c  timer0                         
20000020  timer1                         
20000005  timer_exit                     


GLOBAL SYMBOLS: SORTED BY Symbol Address 

address   name                           
-------   ----                           
00000000  __TI_static_base__             
00000000  interruptVectors               
00000111  config_buttons                 
00000200  __STACK_SIZE                   
00000235  config_buzzer                  
0000025f  GetButtonState                 
000002e9  PrintReminders                 
000003ad  PORT2_IRQHandler               
000003ad  PORT2_IRQHandler               
00000429  PORT4_IRQHandler               
00000429  PORT4_IRQHandler               
000004d9  PORT5_IRQHandler               
000004d9  PORT5_IRQHandler               
00000545  PORT6_IRQHandler               
00000545  PORT6_IRQHandler               
000005ad  GPIO_FPS_config                
0000062b  PORT1_IRQHandler               
0000062b  PORT1_IRQHandler               
0000074d  reverse                        
000007a3  itoa                           
00000805  EUSCIA2_IRQHandler             
00000805  EUSCIA2_IRQHandler             
00000873  UART_send_byteA2               
0000088f  UART_send_A2                   
000008bf  UART_send_A3                   
000008ef  UART_send_byteA3               
0000090b  UART_ConfigureA3               
0000097b  UART_ConfigureA2               
00000a05  UART_ConfigureA0               
00000a8b  UART_send_byteA0               
00000aa7  UART_send_A0                   
00000b5d  SystemCoreClockUpdate          
00000dd1  SystemInit                     
00000eb5  config_RTC                     
00000f03  RTC_C_IRQHandler               
00000f03  RTC_C_IRQHandler               
00000f23  getCurrentTime                 
00001065  sendCurrentTime                
00001179  config_TA0                     
000011a5  config_TA1                     
000011c5  config_TA2                     
0000121b  config_TA3                     
00001265  TA0_0_IRQHandler               
00001265  TA0_0_IRQHandler               
00001297  TA1_0_IRQHandler               
00001297  TA1_0_IRQHandler               
000012cf  TA2_0_IRQHandler               
000012cf  TA2_0_IRQHandler               
00001309  TA3_0_IRQHandler               
00001309  TA3_0_IRQHandler               
000013ed  configure_ADC                  
00001489  ADC14_IRQHandler               
00001489  ADC14_IRQHandler               
000014a3  calibration                    
000014bd  freefall                       
00001569  __aeabi_dmul                   
00001665  init_all                       
00001671  main                           
0000172d  __aeabi_memcpy                 
0000172d  __aeabi_memcpy4                
0000172d  __aeabi_memcpy8                
0000172d  memcpy                         
000017c9  __aeabi_cdcmpeq                
000017c9  __aeabi_cdcmple                
0000184f  __aeabi_memclr                 
0000184f  __aeabi_memclr4                
0000184f  __aeabi_memclr8                
00001851  __aeabi_memset                 
00001851  __aeabi_memset4                
00001851  __aeabi_memset8                
00001857  memset                         
000018c9  __TI_auto_init                 
00001939  __TI_decompress_lzss           
000019a1  _c_int00                       
000019f5  C$$EXIT                        
000019f9  abort                          
00001a01  exit                           
00001a49  copy_in                        
00001a95  __aeabi_ui2d                   
00001ab5  _args_main                     
00001acd  _register_unlock               
00001ad3  _register_lock                 
00001adb  _nop                           
00001ae1  strlen                         
00001af5  __TI_decompress_none           
00001b03  Reset_Handler                  
00001b0f  AES256_IRQHandler              
00001b0f  BusFault_Handler               
00001b0f  COMP_E0_IRQHandler             
00001b0f  COMP_E1_IRQHandler             
00001b0f  CS_IRQHandler                  
00001b0f  DMA_ERR_IRQHandler             
00001b0f  DMA_INT0_IRQHandler            
00001b0f  DMA_INT1_IRQHandler            
00001b0f  DMA_INT2_IRQHandler            
00001b0f  DMA_INT3_IRQHandler            
00001b0f  DebugMon_Handler               
00001b0f  Default_Handler                
00001b0f  EUSCIA0_IRQHandler             
00001b0f  EUSCIA1_IRQHandler             
00001b0f  EUSCIA3_IRQHandler             
00001b0f  EUSCIB0_IRQHandler             
00001b0f  EUSCIB1_IRQHandler             
00001b0f  EUSCIB2_IRQHandler             
00001b0f  EUSCIB3_IRQHandler             
00001b0f  FLCTL_IRQHandler               
00001b0f  FPU_IRQHandler                 
00001b0f  HardFault_Handler              
00001b0f  MemManage_Handler              
00001b0f  NMI_Handler                    
00001b0f  PCM_IRQHandler                 
00001b0f  PORT3_IRQHandler               
00001b0f  PSS_IRQHandler                 
00001b0f  PendSV_Handler                 
00001b0f  SVC_Handler                    
00001b0f  SysTick_Handler                
00001b0f  T32_INT1_IRQHandler            
00001b0f  T32_INT2_IRQHandler            
00001b0f  T32_INTC_IRQHandler            
00001b0f  TA0_N_IRQHandler               
00001b0f  TA1_N_IRQHandler               
00001b0f  TA2_N_IRQHandler               
00001b0f  TA3_N_IRQHandler               
00001b0f  UsageFault_Handler             
00001b0f  WDT_A_IRQHandler               
00001b11  __TI_zero_init                 
00001b1d  _system_pre_init               
00001b21  __mpu_init                     
00001b23  _system_post_cinit             
00001b24  W_phrase                       
00001b35  B_phrase                       
00001b42  G_phrase                       
00001b70  __TI_Handler_Table_Base        
00001b7c  __TI_Handler_Table_Limit       
00001b88  __TI_CINIT_Base                
00001b98  __TI_CINIT_Limit               
20000000  state                          
20000001  state3                         
20000002  freqDiv                        
20000003  countTime                      
20000004  count_time_fall                
20000005  timer_exit                     
20000006  ACCELX                         
20000008  ACCELY                         
2000000a  ACCELZ                         
2000000c  CALX                           
2000000e  CALY                           
20000010  CALZ                           
20000012  pet                            
20000013  apps                           
20000014  lock                           
20000015  emergency                      
20000016  finger                         
20000017  print                          
20000018  fall                           
2000001c  timer0                         
20000020  timer1                         
20000024  read                           
20000025  temp_sec                       
20000028  __TI_cleanup_ptr               
2000002c  __TI_dtors_ptr                 
20000030  __TI_enable_exit_profile_output
20000034  _lock                          
20000038  _unlock                        
2000003c  main_func_sp                   
20000040  SystemCoreClock                
20000044  data_databuf                   
20000064  rsp_databuf                    
20000070  currentTime                    
20000078  RTC_str                        
2000007c  FP_state                       
2000007d  i                              
2000fe00  __stack                        
20010000  __STACK_END                    
4000480c  WDTCTL_SYM                     
ffffffff  __TI_pprof_out_hndl            
ffffffff  __TI_prof_data_size            
ffffffff  __TI_prof_data_start           
ffffffff  __binit__                      
ffffffff  __c_args__                     
ffffffff  binit                          
UNDEFED   SHT$$INIT_ARRAY$$Base          
UNDEFED   SHT$$INIT_ARRAY$$Limit         

[183 symbols]
