******************************************************************************
                  TI ARM Linker Unix v16.9.3                   
******************************************************************************
>> Linked Thu Dec  7 19:36:01 2017

OUTPUT FILE NAME:   <Embedded_Final.out>
ENTRY POINT SYMBOL: "_c_int00"  address: 00000885


MEMORY CONFIGURATION

         name            origin    length      used     unused   attr    fill
----------------------  --------  ---------  --------  --------  ----  --------
  MAIN                  00000000   00040000  00000a2c  0003f5d4  R  X
  INFO                  00200000   00004000  00000000  00004000  R  X
  SRAM_CODE             01000000   00010000  00000224  0000fddc  RW X
  SRAM_DATA             20000000   00010000  00000224  0000fddc  RW  


SEGMENT ALLOCATION MAP

run origin  load origin   length   init length attrs members
----------  ----------- ---------- ----------- ----- -------
00000000    00000000    00000a30   00000a30    r-x
  00000000    00000000    000000e4   000000e4    r-- .intvecs
  000000e4    000000e4    00000920   00000920    r-x .text
  00000a08    00000a08    00000028   00000028    r-- .cinit
20000000    20000000    00000024   00000000    rw-
  20000000    20000000    00000024   00000000    rw- .data
2000fe00    2000fe00    00000200   00000000    rw-
  2000fe00    2000fe00    00000200   00000000    rw- .stack


SECTION ALLOCATION MAP

 output                                  attributes/
section   page    origin      length       input sections
--------  ----  ----------  ----------   ----------------
.intvecs   0    00000000    000000e4     
                  00000000    000000e4     startup_msp432p401r_ccs.obj (.intvecs:retain)

.text      0    000000e4    00000920     
                  000000e4    0000032c     system_msp432p401r.obj (.text)
                  00000410    000001a0     port.obj (.text)
                  000005b0    00000160     timers.obj (.text)
                  00000710    0000009c     rtsv7M4_T_le_v4SPD16_eabi.lib : memcpy_t2.obj (.text)
                  000007ac    00000070                                   : autoinit.obj (.text)
                  0000081c    00000068                                   : copy_decompress_lzss.obj (.text:decompress:lzss)
                  00000884    00000054                                   : boot.obj (.text)
                  000008d8    00000054                                   : exit.obj (.text)
                  0000092c    0000004c                                   : cpy_tbl.obj (.text)
                  00000978    0000003c     master-main.obj (.text)
                  000009b4    00000018     rtsv7M4_T_le_v4SPD16_eabi.lib : args_main.obj (.text)
                  000009cc    00000014                                   : _lock.obj (.text)
                  000009e0    0000000e                                   : copy_decompress_none.obj (.text:decompress:none)
                  000009ee    0000000e     startup_msp432p401r_ccs.obj (.text)
                  000009fc    00000004     rtsv7M4_T_le_v4SPD16_eabi.lib : pre_init.obj (.text)
                  00000a00    00000002                                   : mpu_init.obj (.text)
                  00000a02    00000002                                   : startup.obj (.text)

.cinit     0    00000a08    00000028     
                  00000a08    00000015     (.cinit..data.load) [load image, compression = lzss]
                  00000a1d    00000003     --HOLE-- [fill = 0]
                  00000a20    00000008     (__TI_handler_table)
                  00000a28    00000008     (__TI_cinit_table)

.init_array 
*          0    00000000    00000000     UNINITIALIZED

.binit     0    00000000    00000000     

.data      0    20000000    00000024     UNINITIALIZED
                  20000000    0000000c     rtsv7M4_T_le_v4SPD16_eabi.lib : exit.obj (.data:$O1$$)
                  2000000c    00000008                                   : _lock.obj (.data:$O1$$)
                  20000014    00000007     master-main.obj (.data)
                  2000001b    00000001     --HOLE--
                  2000001c    00000004     rtsv7M4_T_le_v4SPD16_eabi.lib : stkdepth_vars.obj (.data)
                  20000020    00000004     system_msp432p401r.obj (.data)

.stack     0    2000fe00    00000200     UNINITIALIZED
                  2000fe00    00000200     --HOLE--

MODULE SUMMARY

       Module                        code   ro data   rw data
       ------                        ----   -------   -------
    ./
       system_msp432p401r.obj        812    0         8      
       port.obj                      416    0         0      
       timers.obj                    352    0         0      
       startup_msp432p401r_ccs.obj   14     228       0      
       master-main.obj               60     0         14     
    +--+-----------------------------+------+---------+---------+
       Total:                        1654   228       22     
                                                             
    /Applications/ti/ccsv7/tools/compiler/ti-cgt-arm_16.9.3.LTS/lib/rtsv7M4_T_le_v4SPD16_eabi.lib
       memcpy_t2.obj                 156    0         0      
       autoinit.obj                  112    0         0      
       exit.obj                      84     0         24     
       copy_decompress_lzss.obj      104    0         0      
       boot.obj                      84     0         0      
       cpy_tbl.obj                   76     0         0      
       _lock.obj                     20     0         16     
       args_main.obj                 24     0         0      
       copy_decompress_none.obj      14     0         0      
       stkdepth_vars.obj             0      0         8      
       pre_init.obj                  4      0         0      
       mpu_init.obj                  2      0         0      
       startup.obj                   2      0         0      
    +--+-----------------------------+------+---------+---------+
       Total:                        682    0         48     
                                                             
       Stack:                        0      0         1024   
       Linker Generated:             0      37        0      
    +--+-----------------------------+------+---------+---------+
       Grand Total:                  2336   265       1094   


LINKER GENERATED COPY TABLES

__TI_cinit_table @ 00000a28 records: 1, size/record: 8, table size: 8
	.data: load addr=00000a08, load size=00000015 bytes, run addr=20000000, run size=00000024 bytes, compression=lzss


LINKER GENERATED HANDLER TABLE

__TI_handler_table @ 00000a20 records: 2, size/record: 4, table size: 8
	index: 0, handler: __TI_decompress_lzss
	index: 1, handler: __TI_decompress_none


GLOBAL SYMBOLS: SORTED ALPHABETICALLY BY Name 

address   name                           
-------   ----                           
000009fb  ADC14_IRQHandler               
000009fb  AES256_IRQHandler              
000009fb  BusFault_Handler               
000008d9  C$$EXIT                        
000009fb  COMP_E0_IRQHandler             
000009fb  COMP_E1_IRQHandler             
000009fb  CS_IRQHandler                  
000009fb  DMA_ERR_IRQHandler             
000009fb  DMA_INT0_IRQHandler            
000009fb  DMA_INT1_IRQHandler            
000009fb  DMA_INT2_IRQHandler            
000009fb  DMA_INT3_IRQHandler            
000009fb  DebugMon_Handler               
000009fb  Default_Handler                
000009fb  EUSCIA0_IRQHandler             
000009fb  EUSCIA1_IRQHandler             
000009fb  EUSCIA2_IRQHandler             
000009fb  EUSCIA3_IRQHandler             
000009fb  EUSCIB0_IRQHandler             
000009fb  EUSCIB1_IRQHandler             
000009fb  EUSCIB2_IRQHandler             
000009fb  EUSCIB3_IRQHandler             
000009fb  FLCTL_IRQHandler               
000009fb  FPU_IRQHandler                 
000009fb  HardFault_Handler              
000009fb  MemManage_Handler              
000009fb  NMI_Handler                    
000009fb  PCM_IRQHandler                 
000009fb  PORT1_IRQHandler               
00000511  PORT2_IRQHandler               
00000511  PORT2_IRQHandler               
000009fb  PORT3_IRQHandler               
0000051f  PORT4_IRQHandler               
0000051f  PORT4_IRQHandler               
0000052d  PORT5_IRQHandler               
0000052d  PORT5_IRQHandler               
0000053b  PORT6_IRQHandler               
0000053b  PORT6_IRQHandler               
000009fb  PSS_IRQHandler                 
000009fb  PendSV_Handler                 
000009fb  RTC_C_IRQHandler               
000009ef  Reset_Handler                  
UNDEFED   SHT$$INIT_ARRAY$$Base          
UNDEFED   SHT$$INIT_ARRAY$$Limit         
000009fb  SVC_Handler                    
000009fb  SysTick_Handler                
20000020  SystemCoreClock                
000000e5  SystemCoreClockUpdate          
00000359  SystemInit                     
000009fb  T32_INT1_IRQHandler            
000009fb  T32_INT2_IRQHandler            
000009fb  T32_INTC_IRQHandler            
0000067d  TA0_0_IRQHandler               
0000067d  TA0_0_IRQHandler               
000009fb  TA0_N_IRQHandler               
0000068f  TA1_0_IRQHandler               
0000068f  TA1_0_IRQHandler               
000009fb  TA1_N_IRQHandler               
000006a1  TA2_0_IRQHandler               
000006a1  TA2_0_IRQHandler               
000009fb  TA2_N_IRQHandler               
000006b3  TA3_0_IRQHandler               
000006b3  TA3_0_IRQHandler               
000009fb  TA3_N_IRQHandler               
000009fb  UsageFault_Handler             
4000480c  WDTCTL_SYM                     
000009fb  WDT_A_IRQHandler               
20010000  __STACK_END                    
00000200  __STACK_SIZE                   
00000a28  __TI_CINIT_Base                
00000a30  __TI_CINIT_Limit               
00000a20  __TI_Handler_Table_Base        
00000a28  __TI_Handler_Table_Limit       
000007ad  __TI_auto_init                 
20000000  __TI_cleanup_ptr               
0000081d  __TI_decompress_lzss           
000009e1  __TI_decompress_none           
20000004  __TI_dtors_ptr                 
20000008  __TI_enable_exit_profile_output
ffffffff  __TI_pprof_out_hndl            
ffffffff  __TI_prof_data_size            
ffffffff  __TI_prof_data_start           
00000000  __TI_static_base__             
00000711  __aeabi_memcpy                 
00000711  __aeabi_memcpy4                
00000711  __aeabi_memcpy8                
ffffffff  __binit__                      
ffffffff  __c_args__                     
00000a01  __mpu_init                     
2000fe00  __stack                        
000009b5  _args_main                     
00000885  _c_int00                       
2000000c  _lock                          
000009db  _nop                           
000009d3  _register_lock                 
000009cd  _register_unlock               
00000a03  _system_post_cinit             
000009fd  _system_pre_init               
20000010  _unlock                        
000008dd  abort                          
20000016  apps                           
ffffffff  binit                          
000005dd  config_TA0                     
00000609  config_TA1                     
00000629  config_TA2                     
00000653  config_TA3                     
0000043d  config_buttons                 
0000092d  copy_in                        
20000018  emergency                      
000008e5  exit                           
2000001a  fall                           
20000019  finger                         
00000000  interruptVectors               
20000017  lock                           
00000979  main                           
2000001c  main_func_sp                   
00000711  memcpy                         
20000015  pet                            
20000014  state                          


GLOBAL SYMBOLS: SORTED BY Symbol Address 

address   name                           
-------   ----                           
00000000  __TI_static_base__             
00000000  interruptVectors               
000000e5  SystemCoreClockUpdate          
00000200  __STACK_SIZE                   
00000359  SystemInit                     
0000043d  config_buttons                 
00000511  PORT2_IRQHandler               
00000511  PORT2_IRQHandler               
0000051f  PORT4_IRQHandler               
0000051f  PORT4_IRQHandler               
0000052d  PORT5_IRQHandler               
0000052d  PORT5_IRQHandler               
0000053b  PORT6_IRQHandler               
0000053b  PORT6_IRQHandler               
000005dd  config_TA0                     
00000609  config_TA1                     
00000629  config_TA2                     
00000653  config_TA3                     
0000067d  TA0_0_IRQHandler               
0000067d  TA0_0_IRQHandler               
0000068f  TA1_0_IRQHandler               
0000068f  TA1_0_IRQHandler               
000006a1  TA2_0_IRQHandler               
000006a1  TA2_0_IRQHandler               
000006b3  TA3_0_IRQHandler               
000006b3  TA3_0_IRQHandler               
00000711  __aeabi_memcpy                 
00000711  __aeabi_memcpy4                
00000711  __aeabi_memcpy8                
00000711  memcpy                         
000007ad  __TI_auto_init                 
0000081d  __TI_decompress_lzss           
00000885  _c_int00                       
000008d9  C$$EXIT                        
000008dd  abort                          
000008e5  exit                           
0000092d  copy_in                        
00000979  main                           
000009b5  _args_main                     
000009cd  _register_unlock               
000009d3  _register_lock                 
000009db  _nop                           
000009e1  __TI_decompress_none           
000009ef  Reset_Handler                  
000009fb  ADC14_IRQHandler               
000009fb  AES256_IRQHandler              
000009fb  BusFault_Handler               
000009fb  COMP_E0_IRQHandler             
000009fb  COMP_E1_IRQHandler             
000009fb  CS_IRQHandler                  
000009fb  DMA_ERR_IRQHandler             
000009fb  DMA_INT0_IRQHandler            
000009fb  DMA_INT1_IRQHandler            
000009fb  DMA_INT2_IRQHandler            
000009fb  DMA_INT3_IRQHandler            
000009fb  DebugMon_Handler               
000009fb  Default_Handler                
000009fb  EUSCIA0_IRQHandler             
000009fb  EUSCIA1_IRQHandler             
000009fb  EUSCIA2_IRQHandler             
000009fb  EUSCIA3_IRQHandler             
000009fb  EUSCIB0_IRQHandler             
000009fb  EUSCIB1_IRQHandler             
000009fb  EUSCIB2_IRQHandler             
000009fb  EUSCIB3_IRQHandler             
000009fb  FLCTL_IRQHandler               
000009fb  FPU_IRQHandler                 
000009fb  HardFault_Handler              
000009fb  MemManage_Handler              
000009fb  NMI_Handler                    
000009fb  PCM_IRQHandler                 
000009fb  PORT1_IRQHandler               
000009fb  PORT3_IRQHandler               
000009fb  PSS_IRQHandler                 
000009fb  PendSV_Handler                 
000009fb  RTC_C_IRQHandler               
000009fb  SVC_Handler                    
000009fb  SysTick_Handler                
000009fb  T32_INT1_IRQHandler            
000009fb  T32_INT2_IRQHandler            
000009fb  T32_INTC_IRQHandler            
000009fb  TA0_N_IRQHandler               
000009fb  TA1_N_IRQHandler               
000009fb  TA2_N_IRQHandler               
000009fb  TA3_N_IRQHandler               
000009fb  UsageFault_Handler             
000009fb  WDT_A_IRQHandler               
000009fd  _system_pre_init               
00000a01  __mpu_init                     
00000a03  _system_post_cinit             
00000a20  __TI_Handler_Table_Base        
00000a28  __TI_CINIT_Base                
00000a28  __TI_Handler_Table_Limit       
00000a30  __TI_CINIT_Limit               
20000000  __TI_cleanup_ptr               
20000004  __TI_dtors_ptr                 
20000008  __TI_enable_exit_profile_output
2000000c  _lock                          
20000010  _unlock                        
20000014  state                          
20000015  pet                            
20000016  apps                           
20000017  lock                           
20000018  emergency                      
20000019  finger                         
2000001a  fall                           
2000001c  main_func_sp                   
20000020  SystemCoreClock                
2000fe00  __stack                        
20010000  __STACK_END                    
4000480c  WDTCTL_SYM                     
ffffffff  __TI_pprof_out_hndl            
ffffffff  __TI_prof_data_size            
ffffffff  __TI_prof_data_start           
ffffffff  __binit__                      
ffffffff  __c_args__                     
ffffffff  binit                          
UNDEFED   SHT$$INIT_ARRAY$$Base          
UNDEFED   SHT$$INIT_ARRAY$$Limit         

[119 symbols]
